// Jest Snapshot v1, https://goo.gl/fbAQLP

exports[`Navbar organization as argu:sidebar renders the correct representation 1`] = `
<div
  resource="https://argu.dev/o/1/menus/navigations#settings"
>
  <div
    className="SideBarLink"
  >
    <a
      aria-current={null}
      className="SideBarLink__link"
      href="/o/gemeente_utrecht/settings"
      onClick={[Function]}
    >
      <div
        className="SideBarLink__icon"
      >
        <span
          aria-hidden={true}
          className="fa fa-gear"
        />
      </div>
      Instellingen
    </a>
  </div>
</div>
`;
