// Jest Snapshot v1, https://goo.gl/fbAQLP

exports[`Navbar current_actor logged in renders the correct representation 1`] = `
<div
  className="SideBarCollapsible"
  data-test="SideBarCollapsible-sideBarCollapsible"
>
  <div
    className="SideBarCollapsible__label"
    data-test="SideBarCollapsible-label"
  >
    <div
      className="SideBarLink"
    >
      <a
        className="SideBarLink__link"
        href="/u/123"
        onClick={[Function]}
      >
        <div
          className="SideBarLink__icon"
        >
          <div
            className="SideBarLink__image-wrapper"
          >
            <div
              className="SideBarLink__image"
              style={
                Object {
                  "backgroundImage": "url(https://argu-logos.s3.amazonaws.com/photos/734/icon_Adventure_Time_thinkinh.jpg)",
                }
              }
            />
          </div>
        </div>
        <div
          className="SideBarLink__label"
        >
          <span
            className="SideBarLink__truncated-label"
          >
            Maarten van Scharendrecht
          </span>
        </div>
      </a>
    </div>
    <button
      alt="Menu uitvouwen of inklappen"
      className="Button Button--plain Button--default SideBarCollapsible__toggle"
      data-test="Button-button"
      disabled={undefined}
      onClick={[Function]}
      title={undefined}
      type="button"
    >
      <span
        className="Button__label"
      >
        <span
          aria-hidden={true}
          className="fa fa-caret-right"
        />
      </span>
    </button>
  </div>
  <div
    aria-expanded={false}
    className="Collapsible"
  >
    <div
      className="Collapsible__visible-content"
    />
    <div
      aria-hidden={-1}
      className="Collapsible__invisible-content"
    >
      <div>
        <div
          className="view-overridden"
          style={
            Object {
              "display": "inherit",
            }
          }
        />
      </div>
    </div>
  </div>
</div>
`;

exports[`Navbar current_actor logged out renders the correct representation 1`] = `
<div
  className="SideBarLink"
>
  <a
    aria-current={false}
    className="SideBarLink__link"
    href="/u/sign_in?r=https%3A%2F%2Fargu.dev%2Fo%2F1"
    onClick={[Function]}
    style={undefined}
  >
    <div
      className="SideBarLink__icon"
    >
      <span
        aria-hidden={true}
        className="fa fa-sign-in"
      />
    </div>
    <div
      className="SideBarLink__label"
    >
      <span
        className="SideBarLink__truncated-label"
      >
        Log in / registreer
      </span>
    </div>
  </a>
</div>
`;
