// Jest Snapshot v1, https://goo.gl/fbAQLP

exports[`Seq renders a sequence fragment 1`] = `
<Seq
  dispatch={[Function]}
  label={
    NamedNode {
      "termType": "NamedNode",
      "value": "http://label.required.bugfix",
    }
  }
  subject={
    NamedNode {
      "termType": "NamedNode",
      "value": "_:g70120412320900",
    }
  }
  version="test0"
>
  <Connect(LinkedResourceContainer)
    count={6}
    data-test="Seq-0"
    first={
      NamedNode {
        "sI": 102,
        "term": "menus/info#about",
        "termType": "NamedNode",
        "value": "https://argu.dev/menus/info#about",
      }
    }
    key="<_:g70120412320900>-<https://argu.dev/menus/info#about>"
    last={
      NamedNode {
        "sI": 98,
        "term": "menus/info#contact",
        "termType": "NamedNode",
        "value": "https://argu.dev/menus/info#contact",
      }
    }
    subject={
      NamedNode {
        "sI": 102,
        "term": "menus/info#about",
        "termType": "NamedNode",
        "value": "https://argu.dev/menus/info#about",
      }
    }
  >
    <LinkedResourceContainer
      count={6}
      data-test="Seq-0"
      first={
        NamedNode {
          "sI": 102,
          "term": "menus/info#about",
          "termType": "NamedNode",
          "value": "https://argu.dev/menus/info#about",
        }
      }
      forceRender={false}
      last={
        NamedNode {
          "sI": 98,
          "term": "menus/info#contact",
          "termType": "NamedNode",
          "value": "https://argu.dev/menus/info#contact",
        }
      }
      loadLinkedObject={[Function]}
      reloadLinkedObject={[Function]}
      subject={
        NamedNode {
          "sI": 102,
          "term": "menus/info#about",
          "termType": "NamedNode",
          "value": "https://argu.dev/menus/info#about",
        }
      }
      version="test1"
    >
      <div
        className="no-view"
      >
        <p>
          We currently don"t have a view for this (&lt;https://argu.dev/menus/info#about&gt;)
        </p>
      </div>
    </LinkedResourceContainer>
  </Connect(LinkedResourceContainer)>
  <Connect(LinkedResourceContainer)
    count={6}
    data-test="Seq-1"
    first={
      NamedNode {
        "sI": 102,
        "term": "menus/info#about",
        "termType": "NamedNode",
        "value": "https://argu.dev/menus/info#about",
      }
    }
    key="<_:g70120412320900>-<https://argu.dev/menus/info#team>"
    last={
      NamedNode {
        "sI": 98,
        "term": "menus/info#contact",
        "termType": "NamedNode",
        "value": "https://argu.dev/menus/info#contact",
      }
    }
    subject={
      NamedNode {
        "sI": 108,
        "term": "menus/info#team",
        "termType": "NamedNode",
        "value": "https://argu.dev/menus/info#team",
      }
    }
  >
    <LinkedResourceContainer
      count={6}
      data-test="Seq-1"
      first={
        NamedNode {
          "sI": 102,
          "term": "menus/info#about",
          "termType": "NamedNode",
          "value": "https://argu.dev/menus/info#about",
        }
      }
      forceRender={false}
      last={
        NamedNode {
          "sI": 98,
          "term": "menus/info#contact",
          "termType": "NamedNode",
          "value": "https://argu.dev/menus/info#contact",
        }
      }
      loadLinkedObject={[Function]}
      reloadLinkedObject={[Function]}
      subject={
        NamedNode {
          "sI": 108,
          "term": "menus/info#team",
          "termType": "NamedNode",
          "value": "https://argu.dev/menus/info#team",
        }
      }
      version="test2"
    >
      <div
        className="no-view"
      >
        <p>
          We currently don"t have a view for this (&lt;https://argu.dev/menus/info#team&gt;)
        </p>
      </div>
    </LinkedResourceContainer>
  </Connect(LinkedResourceContainer)>
  <Connect(LinkedResourceContainer)
    count={6}
    data-test="Seq-2"
    first={
      NamedNode {
        "sI": 102,
        "term": "menus/info#about",
        "termType": "NamedNode",
        "value": "https://argu.dev/menus/info#about",
      }
    }
    key="<_:g70120412320900>-<https://argu.dev/menus/info#governments>"
    last={
      NamedNode {
        "sI": 98,
        "term": "menus/info#contact",
        "termType": "NamedNode",
        "value": "https://argu.dev/menus/info#contact",
      }
    }
    subject={
      NamedNode {
        "sI": 100,
        "term": "menus/info#governments",
        "termType": "NamedNode",
        "value": "https://argu.dev/menus/info#governments",
      }
    }
  >
    <LinkedResourceContainer
      count={6}
      data-test="Seq-2"
      first={
        NamedNode {
          "sI": 102,
          "term": "menus/info#about",
          "termType": "NamedNode",
          "value": "https://argu.dev/menus/info#about",
        }
      }
      forceRender={false}
      last={
        NamedNode {
          "sI": 98,
          "term": "menus/info#contact",
          "termType": "NamedNode",
          "value": "https://argu.dev/menus/info#contact",
        }
      }
      loadLinkedObject={[Function]}
      reloadLinkedObject={[Function]}
      subject={
        NamedNode {
          "sI": 100,
          "term": "menus/info#governments",
          "termType": "NamedNode",
          "value": "https://argu.dev/menus/info#governments",
        }
      }
      version="test3"
    >
      <div
        className="no-view"
      >
        <p>
          We currently don"t have a view for this (&lt;https://argu.dev/menus/info#governments&gt;)
        </p>
      </div>
    </LinkedResourceContainer>
  </Connect(LinkedResourceContainer)>
  <Connect(LinkedResourceContainer)
    count={6}
    data-test="Seq-3"
    first={
      NamedNode {
        "sI": 102,
        "term": "menus/info#about",
        "termType": "NamedNode",
        "value": "https://argu.dev/menus/info#about",
      }
    }
    key="<_:g70120412320900>-<https://argu.dev/menus/info#press_media>"
    last={
      NamedNode {
        "sI": 98,
        "term": "menus/info#contact",
        "termType": "NamedNode",
        "value": "https://argu.dev/menus/info#contact",
      }
    }
    subject={
      NamedNode {
        "sI": 104,
        "term": "menus/info#press_media",
        "termType": "NamedNode",
        "value": "https://argu.dev/menus/info#press_media",
      }
    }
  >
    <LinkedResourceContainer
      count={6}
      data-test="Seq-3"
      first={
        NamedNode {
          "sI": 102,
          "term": "menus/info#about",
          "termType": "NamedNode",
          "value": "https://argu.dev/menus/info#about",
        }
      }
      forceRender={false}
      last={
        NamedNode {
          "sI": 98,
          "term": "menus/info#contact",
          "termType": "NamedNode",
          "value": "https://argu.dev/menus/info#contact",
        }
      }
      loadLinkedObject={[Function]}
      reloadLinkedObject={[Function]}
      subject={
        NamedNode {
          "sI": 104,
          "term": "menus/info#press_media",
          "termType": "NamedNode",
          "value": "https://argu.dev/menus/info#press_media",
        }
      }
      version="test4"
    >
      <div
        className="no-view"
      >
        <p>
          We currently don"t have a view for this (&lt;https://argu.dev/menus/info#press_media&gt;)
        </p>
      </div>
    </LinkedResourceContainer>
  </Connect(LinkedResourceContainer)>
  <Connect(LinkedResourceContainer)
    count={6}
    data-test="Seq-4"
    first={
      NamedNode {
        "sI": 102,
        "term": "menus/info#about",
        "termType": "NamedNode",
        "value": "https://argu.dev/menus/info#about",
      }
    }
    key="<_:g70120412320900>-<https://argu.dev/menus/info#support>"
    last={
      NamedNode {
        "sI": 98,
        "term": "menus/info#contact",
        "termType": "NamedNode",
        "value": "https://argu.dev/menus/info#contact",
      }
    }
    subject={
      NamedNode {
        "sI": 106,
        "term": "menus/info#support",
        "termType": "NamedNode",
        "value": "https://argu.dev/menus/info#support",
      }
    }
  >
    <LinkedResourceContainer
      count={6}
      data-test="Seq-4"
      first={
        NamedNode {
          "sI": 102,
          "term": "menus/info#about",
          "termType": "NamedNode",
          "value": "https://argu.dev/menus/info#about",
        }
      }
      forceRender={false}
      last={
        NamedNode {
          "sI": 98,
          "term": "menus/info#contact",
          "termType": "NamedNode",
          "value": "https://argu.dev/menus/info#contact",
        }
      }
      loadLinkedObject={[Function]}
      reloadLinkedObject={[Function]}
      subject={
        NamedNode {
          "sI": 106,
          "term": "menus/info#support",
          "termType": "NamedNode",
          "value": "https://argu.dev/menus/info#support",
        }
      }
      version="test5"
    >
      <div
        className="no-view"
      >
        <p>
          We currently don"t have a view for this (&lt;https://argu.dev/menus/info#support&gt;)
        </p>
      </div>
    </LinkedResourceContainer>
  </Connect(LinkedResourceContainer)>
  <Connect(LinkedResourceContainer)
    count={6}
    data-test="Seq-5"
    first={
      NamedNode {
        "sI": 102,
        "term": "menus/info#about",
        "termType": "NamedNode",
        "value": "https://argu.dev/menus/info#about",
      }
    }
    key="<_:g70120412320900>-<https://argu.dev/menus/info#contact>"
    last={
      NamedNode {
        "sI": 98,
        "term": "menus/info#contact",
        "termType": "NamedNode",
        "value": "https://argu.dev/menus/info#contact",
      }
    }
    subject={
      NamedNode {
        "sI": 98,
        "term": "menus/info#contact",
        "termType": "NamedNode",
        "value": "https://argu.dev/menus/info#contact",
      }
    }
  >
    <LinkedResourceContainer
      count={6}
      data-test="Seq-5"
      first={
        NamedNode {
          "sI": 102,
          "term": "menus/info#about",
          "termType": "NamedNode",
          "value": "https://argu.dev/menus/info#about",
        }
      }
      forceRender={false}
      last={
        NamedNode {
          "sI": 98,
          "term": "menus/info#contact",
          "termType": "NamedNode",
          "value": "https://argu.dev/menus/info#contact",
        }
      }
      loadLinkedObject={[Function]}
      reloadLinkedObject={[Function]}
      subject={
        NamedNode {
          "sI": 98,
          "term": "menus/info#contact",
          "termType": "NamedNode",
          "value": "https://argu.dev/menus/info#contact",
        }
      }
      version="test6"
    >
      <div
        className="no-view"
      >
        <p>
          We currently don"t have a view for this (&lt;https://argu.dev/menus/info#contact&gt;)
        </p>
      </div>
    </LinkedResourceContainer>
  </Connect(LinkedResourceContainer)>
</Seq>
`;
