// Jest Snapshot v1, https://goo.gl/fbAQLP

exports[`LinkList renders 1`] = `
<nav
  className="LinkList"
>
  <NavLink
    activeClassName="LinkList__link--active"
    aria-current="page"
    className="LinkList__link"
    data-test="LinkList-link"
    exact={true}
    key="Test 1-/test1"
    to="/test1"
  >
    Test 1
  </NavLink>
  <NavLink
    activeClassName="LinkList__link--active"
    aria-current="page"
    className="LinkList__link"
    data-test="LinkList-link"
    exact={true}
    key="Test 2-/test2"
    to="/test2"
  >
    Test 2
  </NavLink>
</nav>
`;
