// Jest Snapshot v1, https://goo.gl/fbAQLP

exports[`Attachment renders 1`] = `
<div
  className="Attachment"
>
  <withLinkCtxWrapper
    className="Attachment__primary"
    title="Attachment label"
  >
    <FontAwesome
      className="Attachment__icon"
      name="file"
    />
    <div
      className="Attachment__text"
      data-test="Attachment-title"
    >
      Attachment label
    </div>
  </withLinkCtxWrapper>
  <a
    className="Attachment__inside-button"
    data-test="Attachment-download"
    download={true}
    rel="noopener noreferrer"
    target="_blank"
    title="Download NaN undefined"
  >
    <FontAwesome
      className="Attachment__icon"
      name="download"
    />
  </a>
</div>
`;
