// Jest Snapshot v1, https://goo.gl/fbAQLP

exports[`ProfileCard with link should render 1`] = `
<linkedSubject>
  <ProfileCard
    full={false}
    loading={false}
    subject={
      NamedNode {
        "termType": "NamedNode",
        "value": "http://example.com/profile/1",
      }
    }
  >
    <section
      className="ProfileCard ProfileCard--small"
      data-test="ProfileCard"
    >
      <div
        className="ProfileCard__head"
        data-test="ProfileCard-head"
      >
        <div
          className="ProfileCard__title"
        >
          <Heading
            data-test="ProfileCard-head-name"
            size="2"
          >
            <h2
              className="Heading null"
              role="heading"
            >
              Title
            </h2>
          </Heading>
        </div>
      </div>
      <p
        className="ProfileCard__bio"
        data-test="ProfileCard-bio"
      >
        bio
      </p>
      <div
        className="ProfileCard__foot"
        data-test="ProfileCard-footer"
      >
        <div
          className="ProfileCard__stats"
        >
          <div
            className="ProfileCard__stat"
          >
            Ideeen
            <span
              className="ProfileCard__stat-value"
            >
              124
            </span>
          </div>
          <div
            className="ProfileCard__stat"
          >
            Opinies
            <span
              className="ProfileCard__stat-value"
            >
              543
            </span>
          </div>
        </div>
        <div
          className="ProfileCard__buttons"
        >
          <Button
            active={false}
            icon="tachometer"
            narrow={false}
            onClick={[Function]}
            plain={false}
            small={true}
            theme="default"
            type="button"
          >
            <button
              className="Button Button--has-icon Button--small Button--default"
              data-test="Button-button"
              onClick={[Function]}
              type="button"
            >
              <FontAwesome
                className="Button__icon"
                data-test="Button-icon"
                name="tachometer"
              >
                <span
                  aria-hidden={true}
                  className="fa fa-tachometer Button__icon"
                  data-test="Button-icon"
                />
              </FontAwesome>
              <span
                className="Button__label"
              >
                Vergelijk
              </span>
            </button>
          </Button>
        </div>
      </div>
      <div
        className="ProfileCard__buttons"
      >
        <Button
          active={false}
          icon="tachometer"
          narrow={false}
          onClick={[Function]}
          plain={false}
          small={true}
          theme="default"
          type="button"
        >
          <button
            className="Button Button--has-icon Button--small Button--default"
            data-test="Button-button"
            onClick={[Function]}
            type="button"
          >
            <FontAwesome
              className="Button__icon"
              data-test="Button-icon"
              name="tachometer"
            >
              <span
                aria-hidden={true}
                className="fa fa-tachometer Button__icon"
                data-test="Button-icon"
              />
            </FontAwesome>
            <span
              className="Button__label"
            >
              Vergelijk
            </span>
          </button>
        </Button>
      </div>
    </section>
  </ProfileCard>
</linkedSubject>
`;
